[15:41:41.196][info] [#0:C:/Users/elwru/scoop/apps/lua-language-server/current\main.lua:71]: Lua Lsp startup, root: 	C:/Users/elwru/scoop/apps/lua-language-server/current
[15:41:41.197][info] [#0:C:/Users/elwru/scoop/apps/lua-language-server/current\main.lua:72]: ROOT:	C:/Users/elwru/scoop/apps/lua-language-server/current
[15:41:41.197][info] [#0:C:/Users/elwru/scoop/apps/lua-language-server/current\main.lua:73]: LOGPATH:	.\log
[15:41:41.197][info] [#0:C:/Users/elwru/scoop/apps/lua-language-server/current\main.lua:74]: METAPATH:	C:/Users/elwru/scoop/apps/lua-language-server/current/meta
[15:41:41.197][info] [#0:C:/Users/elwru/scoop/apps/lua-language-server/current\main.lua:75]: VERSION:	3.18.2-dev
[15:41:41.235][info] [#0:script\language.lua:137]: VSC language: nil
[15:41:41.236][info] [#0:script\language.lua:138]: LS  language: en-us
[15:41:41.236][info] [#0:script\client.lua:657]: Client init	{
  capabilities = {
    textDocument = {
      completion = {
        completionItem = {
          tagSupport = {
            valueSet = { 1, 2 }
          }
        }
      }
    },
    workspace = {
      configuration = true
    }
  },
  initializationOptions = {
    changeConfiguration = true,
    trustByClient = true,
    useSemanticByRange = true,
    viewDocument = true
  },
  rootUri = "file:///c%3A/PROJECTS/LESSON-PLAN-WRITER-3"
}
[15:41:41.236][info] [#0:script\language.lua:137]: VSC language: nil
[15:41:41.236][info] [#0:script\language.lua:138]: LS  language: en-us
[15:41:41.236][info] [#0:script\workspace\workspace.lua:38]: Workspace init root: 	file:///c%3A/PROJECTS/LESSON-PLAN-WRITER-3
[15:41:41.236][info] [#0:script\workspace\workspace.lua:42]: Log path: 	./log/file_c%3A_PROJECTS_LESSON-PLAN-WRITER-3.log
